<html>
<body>
<pre>
<h1>µVision Build Log</h1>
<h2>Tool Versions:</h2>
IDE-Version: ¦ÌVision V5.43.0.0
Copyright (C) 2025 ARM Ltd and ARM Germany GmbH. All rights reserved.
License Information: T 862491025@qq.com, AUST, LIC=----
 
Tool Versions:
Toolchain:       MDK-Lite  Version: 5.43.0.0
Toolchain Path:  D:\Software\Keil\ARM\ARMCLANG\Bin
C Compiler:      ArmClang.exe V6.24
Assembler:       Armasm.exe V6.24
Linker/Locator:  ArmLink.exe V6.24
Library Manager: ArmAr.exe V6.24
Hex Converter:   FromElf.exe V6.24
CPU DLL:         
Dialog DLL:      SARMCM3.DLL V5.43.0.0
Target DLL:      STLink\ST-LINKIII-KEIL_SWO.dll V3.3.1.0
Dialog DLL:      TCM.DLL V1.56.6.0
 
<h2>Project:</h2>
C:\Users\86249\Desktop\MOVA\Project\MOVA.uvprojx
Project File Date:  08/14/2026

<h2>Output:</h2>
*** Using Compiler 'V6.24', folder: 'D:\Software\Keil\ARM\ARMCLANG\Bin'
Rebuild target 'MOVA'
compiling gd32e23x_dbg.c...
compiling gd32e23x_gpio.c...
compiling gd32e23x_cmp.c...
compiling gd32e23x_fwdgt.c...
compiling gd32e23x_crc.c...
compiling gd32e23x_exti.c...
compiling gd32e23x_dma.c...
compiling gd32e23x_fmc.c...
assembling startup_gd32e23x.s...
compiling gd32e23x_adc.c...
compiling gd32e23x_i2c.c...
compiling gd32e23x_pmu.c...
compiling gd32e23x_misc.c...
compiling gd32e23x_rcu.c...
compiling gd32e23x_wwdgt.c...
compiling gd32e23x_spi.c...
compiling gd32e23x_syscfg.c...
compiling main.c...
compiling gd32e23x_it.c...
compiling gd32e23x_rtc.c...
compiling gd32e23x_usart.c...
compiling gd32e23x_timer.c...
compiling systick.c...
compiling fan.c...
compiling pump.c...
compiling zero.c...
compiling system_gd32e23x.c...
linking...
Program Size: Code=2124 RO-data=236 RW-data=4 ZI-data=1048  
FromELF: creating hex file...
".\Objects\MOVA.axf" - 0 Error(s), 0 Warning(s).

<h2>Software Packages used:</h2>

Package Vendor: ARM
                https://www.keil.com/pack/ARM.CMSIS.6.3.0.pack
                ARM::CMSIS@6.3.0
                CMSIS (Common Microcontroller Software Interface Standard)
   * Component: CORE Version: 6.2.0

Package Vendor: GigaDevice
                http://gd32mcu.com/data/documents/pack/GigaDevice.GD32E23x_DFP.2.5.0.pack
                GigaDevice::GD32E23x_DFP@2.5.0
                GigaDevice GD32E23x Series Device Support and Examples

<h2>Collection of Component include folders:</h2>
  ./RTE/_MOVA
  C:/Users/86249/AppData/Local/Arm/Packs/ARM/CMSIS/6.3.0/CMSIS/Core/Include
  C:/Users/86249/AppData/Local/Arm/Packs/GigaDevice/GD32E23x_DFP/2.5.0/Device/Include

<h2>Collection of Component Files used:</h2>

   * Component: ARM::CMSIS:CORE@6.2.0
Build Time Elapsed:  00:00:03
</pre>
</body>
</html>
